
Allocating common symbols
Common symbol       size              file

proc_list           0xa00             build/benos/proc_c.o
free_list_arr       0x58              build/benos/buddy_c.o
ftable              0x320             build/benos/fd_c.o
sb                  0x20              build/benos/fs_c.o
mem_ll              0x8               build/benos/vm_c.o
kernel_ctxt         0x100             build/benos/proc_c.o
print_lock          0x4               build/benos/kernel_main_c.o

Memory Configuration

Name             Origin             Length             Attributes
*default*        0x0000000000000000 0xffffffffffffffff

Linker script and memory map

                0x0000000080200000                . = 0x80200000

.text.boot      0x0000000080200000       0x28
 *(.text.boot)
 .text.boot     0x0000000080200000       0x28 build/benos/kernel_boot_s.o
                0x0000000080200000                _start
                0x0000000080200028                _stext = .

.text           0x0000000080200030     0x6fd0
 *(.text)
 .text          0x0000000080200030      0x1d0 build/benos/exec_c.o
                0x0000000080200030                exec
 .text          0x0000000080200200      0x2d0 build/benos/printf_c.o
                0x0000000080200200                print_int
                0x0000000080200308                printf
                0x0000000080200498                panic
 .text          0x00000000802004d0      0x360 build/benos/kernel_main_c.o
                0x0000000080200518                kernel_main
 .text          0x0000000080200830      0x78c build/benos/vm_c.o
                0x0000000080200830                kfree
                0x0000000080200894                kp_free_mem
                0x0000000080200900                kalloc
                0x000000008020095c                walk
                0x0000000080200a7c                va_to_pa
                0x0000000080200b58                free_mem_in_page
                0x0000000080200bd0                map_page
                0x0000000080200cb8                uvmalloc
                0x0000000080200d9c                copy_from_user
                0x0000000080200eac                copy_to_user
 .text          0x0000000080200fbc      0xc54 build/benos/virt_disk_c.o
                0x0000000080200fbc                virt_disk_init
                0x00000000802016fc                virtio_disk_rw
                0x0000000080201ae8                virtio_intr
 .text          0x0000000080201c10      0x238 build/benos/buddy_c.o
                0x0000000080201c10                init_bin_tree_mem
                0x0000000080201d88                buddy_alloc
 .text          0x0000000080201e48      0x320 build/benos/pipe_c.o
                0x0000000080201e48                new_pipe
                0x0000000080201f94                pipe_wr
                0x0000000080202080                pipe_rd
 .text          0x0000000080202168      0xe68 build/benos/src_trap_c.o
                0x0000000080202368                src_trap_init
                0x00000000802023c0                smode_exeception_handler
                0x0000000080202544                show_regs
                0x000000008020261c                user_trap
                0x00000000802028c4                user_trap_ret
                0x0000000080202a24                back_to_kernel
                0x0000000080202a7c                sys_print
                0x0000000080202ac8                sys_fork
                0x0000000080202af4                sys_exec
                0x0000000080202b34                sys_sleep
                0x0000000080202bd0                sys_pipe
                0x0000000080202ca0                sys_write
                0x0000000080202db0                sys_read
                0x0000000080202ed4                sys_open
 .text          0x0000000080202fd0      0x1e4 build/benos/fd_c.o
                0x0000000080202fd0                file_alloc
                0x000000008020308c                file_dup
                0x00000000802030e8                file_close
                0x000000008020311c                fd_alloc
 .text          0x00000000802031b4       0x84 build/benos/back_trace_c.o
                0x00000000802031b4                back_trace
 .text          0x0000000080203238       0x6c build/benos/locks_c.o
                0x0000000080203238                acquire
                0x0000000080203274                release
 .text          0x00000000802032a4       0xfc build/benos/uart_kern_test_c.o
                0x00000000802032a4                uart_send_c
                0x00000000802032f8                uart_send_str
                0x0000000080203350                uart_rd_char
 .text          0x00000000802033a0      0x138 build/benos/plic_c.o
                0x00000000802033a0                plicinit
                0x00000000802033dc                plicinithart
                0x0000000080203440                plic_claim
                0x0000000080203488                plic_complete
 .text          0x00000000802034d8      0xab8 build/benos/proc_c.o
                0x0000000080203560                init_proc_kstack
                0x0000000080203654                proc_pagetable
                0x0000000080203694                fork_ret
                0x00000000802036e0                user_init
                0x00000000802038c4                scheduler
                0x0000000080203990                sched
                0x00000000802039e4                fork
                0x0000000080203ce0                exit
                0x0000000080203dcc                wait
                0x0000000080203dec                kill
                0x0000000080203e68                sleep
                0x0000000080203ed0                wakeup
 .text          0x0000000080203f90      0x28c build/benos/string_c.o
                0x0000000080203f90                memset
                0x0000000080204018                memmove
                0x000000008020411c                memcpy
                0x0000000080204168                strncmp
 .text          0x000000008020421c      0xc3c build/benos/fs_c.o
                0x000000008020421c                inode_which_block
                0x000000008020426c                rd_inode
                0x0000000080204448                fs_init
                0x00000000802044dc                get_nxt_name
                0x00000000802045dc                get_inode
                0x0000000080204790                blknum_to_addr
                0x00000000802048a4                read_elfhr
                0x0000000080204a74                read_from_inode
                0x0000000080204c20                write_to_inode
                0x0000000080204d98                loadsec
 .text          0x0000000080204e58       0x74 build/benos/switch_s.o
                0x0000000080204e58                swtch
 .text          0x0000000080204ecc        0x0 build/benos/kernel_boot_s.o
 .text          0x0000000080204ecc      0x158 build/benos/src_trap_entry_s.o
                0x0000000080204ecc                smode_exeception_vec
                0x0000000080205014                fault
 .text          0x0000000080205024        0x0 build/benos/trampoline_s.o
                0x0000000080206000                . = ALIGN (0x1000)
 *fill*         0x0000000080205024      0xfdc 
                0x0000000080206000                _trampoline = .
 *(trampolineSec)
 trampolineSec  0x0000000080206000      0x148 build/benos/trampoline_s.o
                0x0000000080206000                trampoline
                0x0000000080206000                uservec
                0x00000000802060b0                userret
                0x0000000080207000                . = ALIGN (0x1000)
 *fill*         0x0000000080206148      0xeb8 
                0x0000000080207000                _etext = .
                0x0000000080207000                _srodata = .

.rodata         0x0000000080207000      0x791
 *(.rodata)
 .rodata        0x0000000080207000       0x1e build/benos/exec_c.o
 *fill*         0x000000008020701e        0x2 
 .rodata        0x0000000080207020       0x22 build/benos/printf_c.o
 *fill*         0x0000000080207042        0x6 
 .rodata        0x0000000080207048       0xd4 build/benos/kernel_main_c.o
 *fill*         0x000000008020711c        0x4 
 .rodata        0x0000000080207120       0x30 build/benos/vm_c.o
 .rodata        0x0000000080207150      0x108 build/benos/virt_disk_c.o
 .rodata        0x0000000080207258       0x49 build/benos/buddy_c.o
 *fill*         0x00000000802072a1        0x7 
 .rodata        0x00000000802072a8       0x2d build/benos/pipe_c.o
 *fill*         0x00000000802072d5        0x3 
 .rodata        0x00000000802072d8      0x3b8 build/benos/src_trap_c.o
 .rodata        0x0000000080207690       0x1e build/benos/fd_c.o
 *fill*         0x00000000802076ae        0x2 
 .rodata        0x00000000802076b0        0x8 build/benos/back_trace_c.o
 .rodata        0x00000000802076b8       0x12 build/benos/proc_c.o
 *fill*         0x00000000802076ca        0x6 
 .rodata        0x00000000802076d0        0xa build/benos/string_c.o
 *fill*         0x00000000802076da        0x6 
 .rodata        0x00000000802076e0       0xb1 build/benos/fs_c.o
                0x0000000080207791                _erodata = .
                0x0000000080207791                _sdata = .

.rela.dyn       0x0000000080207798        0x0
 .rela.text     0x0000000080207798        0x0 build/benos/exec_c.o
 .rela.sdata    0x0000000080207798        0x0 build/benos/exec_c.o

.data           0x0000000080208000     0x5000
 *(.data)
 .data          0x0000000080208000        0x0 build/benos/exec_c.o
 .data          0x0000000080208000        0x0 build/benos/printf_c.o
 .data          0x0000000080208000        0x0 build/benos/kernel_main_c.o
 .data          0x0000000080208000        0x0 build/benos/vm_c.o
 .data          0x0000000080208000        0x0 build/benos/virt_disk_c.o
 .data          0x0000000080208000        0x0 build/benos/buddy_c.o
 .data          0x0000000080208000        0x0 build/benos/pipe_c.o
 .data          0x0000000080208000      0x108 build/benos/src_trap_c.o
 .data          0x0000000080208108        0x0 build/benos/fd_c.o
 .data          0x0000000080208108        0x0 build/benos/back_trace_c.o
 .data          0x0000000080208108        0x0 build/benos/locks_c.o
 .data          0x0000000080208108        0x0 build/benos/uart_kern_test_c.o
 .data          0x0000000080208108        0x0 build/benos/plic_c.o
 .data          0x0000000080208108       0x18 build/benos/proc_c.o
                0x0000000080208108                initcode
 .data          0x0000000080208120        0x0 build/benos/string_c.o
 .data          0x0000000080208120        0x0 build/benos/fs_c.o
 .data          0x0000000080208120        0x0 build/benos/switch_s.o
 *fill*         0x0000000080208120      0xee0 
 .data          0x0000000080209000     0x4000 build/benos/kernel_boot_s.o
                0x0000000080209000                stack0
                0x000000008020a000                stack1
                0x000000008020b000                stack2
                0x000000008020c000                stack3
 .data          0x000000008020d000        0x0 build/benos/src_trap_entry_s.o
 .data          0x000000008020d000        0x0 build/benos/trampoline_s.o

.sdata          0x000000008020d000       0x28
 .sdata         0x000000008020d000        0x8 build/benos/printf_c.o
                0x000000008020d000                digit
 .sdata         0x000000008020d008        0x8 build/benos/vm_c.o
                0x000000008020d008                ori_ptr
 .sdata         0x000000008020d010       0x10 build/benos/buddy_c.o
                0x000000008020d010                root_node
                0x000000008020d018                nxt_unused_node
 .sdata         0x000000008020d020        0x8 build/benos/proc_c.o
                0x000000008020d020                proc_ptr
                0x000000008020e000                . = ALIGN (0x1000)
                0x000000008020e000                _pgt_start = .
                0x000000008020f000                . = (. + 0x1000)
                0x000000008020f000                . = ALIGN (0x1000)
                0x000000008020f000                _sec_pgt_start = .
                0x0000000080210000                . = (. + 0x1000)
                0x0000000080210000                _edata = .
                0x0000000080210000                . = ALIGN (0x1000)
                0x0000000080210000                _sbss = .

.bss            0x0000000080210000      0xfe8
 *(.bss)
 .bss           0x0000000080210000        0x0 build/benos/exec_c.o
 .bss           0x0000000080210000        0x0 build/benos/printf_c.o
 .bss           0x0000000080210000        0x0 build/benos/kernel_main_c.o
 .bss           0x0000000080210000        0x0 build/benos/vm_c.o
 .bss           0x0000000080210000      0x128 build/benos/virt_disk_c.o
 .bss           0x0000000080210128        0x0 build/benos/buddy_c.o
 .bss           0x0000000080210128        0x0 build/benos/pipe_c.o
 .bss           0x0000000080210128        0x0 build/benos/src_trap_c.o
 .bss           0x0000000080210128        0x0 build/benos/fd_c.o
 .bss           0x0000000080210128        0x0 build/benos/back_trace_c.o
 .bss           0x0000000080210128        0x0 build/benos/locks_c.o
 .bss           0x0000000080210128        0x0 build/benos/uart_kern_test_c.o
 .bss           0x0000000080210128        0x0 build/benos/plic_c.o
 .bss           0x0000000080210128        0x4 build/benos/proc_c.o
 .bss           0x000000008021012c        0x0 build/benos/string_c.o
 .bss           0x000000008021012c        0x0 build/benos/fs_c.o
 .bss           0x000000008021012c        0x0 build/benos/switch_s.o
 .bss           0x000000008021012c        0x0 build/benos/kernel_boot_s.o
 .bss           0x000000008021012c        0x0 build/benos/src_trap_entry_s.o
 .bss           0x000000008021012c        0x0 build/benos/trampoline_s.o
 *(.sbss)
 .sbss          0x000000008021012c        0x4 build/benos/kernel_main_c.o
                0x000000008021012c                test_num
 .sbss          0x0000000080210130        0xc build/benos/src_trap_c.o
                0x0000000080210130                systicks
                0x0000000080210138                systicks_lock
 .sbss          0x000000008021013c        0x4 build/benos/proc_c.o
                0x000000008021013c                pid
 COMMON         0x0000000080210140        0x4 build/benos/kernel_main_c.o
                0x0000000080210140                print_lock
 *fill*         0x0000000080210144        0x4 
 COMMON         0x0000000080210148        0x8 build/benos/vm_c.o
                0x0000000080210148                mem_ll
 COMMON         0x0000000080210150       0x58 build/benos/buddy_c.o
                0x0000000080210150                free_list_arr
 COMMON         0x00000000802101a8      0x320 build/benos/fd_c.o
                0x00000000802101a8                ftable
 COMMON         0x00000000802104c8      0xb00 build/benos/proc_c.o
                0x00000000802104c8                proc_list
                0x0000000080210ec8                kernel_ctxt
 COMMON         0x0000000080210fc8       0x20 build/benos/fs_c.o
                0x0000000080210fc8                sb
                0x0000000080210fe8                _ebss = .
                0x0000000080211000                . = ALIGN (0x1000)
                0x0000000080211000                _free_mem_start = .
LOAD build/benos/exec_c.o
LOAD build/benos/printf_c.o
LOAD build/benos/kernel_main_c.o
LOAD build/benos/vm_c.o
LOAD build/benos/virt_disk_c.o
LOAD build/benos/buddy_c.o
LOAD build/benos/pipe_c.o
LOAD build/benos/src_trap_c.o
LOAD build/benos/fd_c.o
LOAD build/benos/back_trace_c.o
LOAD build/benos/locks_c.o
LOAD build/benos/uart_kern_test_c.o
LOAD build/benos/plic_c.o
LOAD build/benos/proc_c.o
LOAD build/benos/string_c.o
LOAD build/benos/fs_c.o
LOAD build/benos/switch_s.o
LOAD build/benos/kernel_boot_s.o
LOAD build/benos/src_trap_entry_s.o
LOAD build/benos/trampoline_s.o
OUTPUT(build/benos/benos.elf elf64-littleriscv)

.debug_info     0x0000000000000000     0x5711
 .debug_info    0x0000000000000000      0x75e build/benos/exec_c.o
 .debug_info    0x000000000000075e      0x159 build/benos/printf_c.o
 .debug_info    0x00000000000008b7      0x888 build/benos/kernel_main_c.o
 .debug_info    0x000000000000113f      0x52f build/benos/vm_c.o
 .debug_info    0x000000000000166e      0x567 build/benos/virt_disk_c.o
 .debug_info    0x0000000000001bd5      0x201 build/benos/buddy_c.o
 .debug_info    0x0000000000001dd6      0x6ca build/benos/pipe_c.o
 .debug_info    0x00000000000024a0      0xe95 build/benos/src_trap_c.o
 .debug_info    0x0000000000003335      0x64d build/benos/fd_c.o
 .debug_info    0x0000000000003982       0xaf build/benos/back_trace_c.o
 .debug_info    0x0000000000003a31       0xac build/benos/locks_c.o
 .debug_info    0x0000000000003add       0xad build/benos/uart_kern_test_c.o
 .debug_info    0x0000000000003b8a      0x102 build/benos/plic_c.o
 .debug_info    0x0000000000003c8c      0xa82 build/benos/proc_c.o
 .debug_info    0x000000000000470e      0x1bd build/benos/string_c.o
 .debug_info    0x00000000000048cb      0xd8e build/benos/fs_c.o
 .debug_info    0x0000000000005659       0x2e build/benos/switch_s.o
 .debug_info    0x0000000000005687       0x2e build/benos/kernel_boot_s.o
 .debug_info    0x00000000000056b5       0x2e build/benos/src_trap_entry_s.o
 .debug_info    0x00000000000056e3       0x2e build/benos/trampoline_s.o

.debug_abbrev   0x0000000000000000     0x1594
 .debug_abbrev  0x0000000000000000      0x13e build/benos/exec_c.o
 .debug_abbrev  0x000000000000013e       0xd5 build/benos/printf_c.o
 .debug_abbrev  0x0000000000000213      0x188 build/benos/kernel_main_c.o
 .debug_abbrev  0x000000000000039b      0x140 build/benos/vm_c.o
 .debug_abbrev  0x00000000000004db      0x1b7 build/benos/virt_disk_c.o
 .debug_abbrev  0x0000000000000692      0x14f build/benos/buddy_c.o
 .debug_abbrev  0x00000000000007e1      0x129 build/benos/pipe_c.o
 .debug_abbrev  0x000000000000090a      0x26d build/benos/src_trap_c.o
 .debug_abbrev  0x0000000000000b77      0x191 build/benos/fd_c.o
 .debug_abbrev  0x0000000000000d08       0x75 build/benos/back_trace_c.o
 .debug_abbrev  0x0000000000000d7d       0x91 build/benos/locks_c.o
 .debug_abbrev  0x0000000000000e0e       0x89 build/benos/uart_kern_test_c.o
 .debug_abbrev  0x0000000000000e97       0xb1 build/benos/plic_c.o
 .debug_abbrev  0x0000000000000f48      0x294 build/benos/proc_c.o
 .debug_abbrev  0x00000000000011dc       0xe2 build/benos/string_c.o
 .debug_abbrev  0x00000000000012be      0x286 build/benos/fs_c.o
 .debug_abbrev  0x0000000000001544       0x14 build/benos/switch_s.o
 .debug_abbrev  0x0000000000001558       0x14 build/benos/kernel_boot_s.o
 .debug_abbrev  0x000000000000156c       0x14 build/benos/src_trap_entry_s.o
 .debug_abbrev  0x0000000000001580       0x14 build/benos/trampoline_s.o

.debug_aranges  0x0000000000000000      0x3c0
 .debug_aranges
                0x0000000000000000       0x30 build/benos/exec_c.o
 .debug_aranges
                0x0000000000000030       0x30 build/benos/printf_c.o
 .debug_aranges
                0x0000000000000060       0x30 build/benos/kernel_main_c.o
 .debug_aranges
                0x0000000000000090       0x30 build/benos/vm_c.o
 .debug_aranges
                0x00000000000000c0       0x30 build/benos/virt_disk_c.o
 .debug_aranges
                0x00000000000000f0       0x30 build/benos/buddy_c.o
 .debug_aranges
                0x0000000000000120       0x30 build/benos/pipe_c.o
 .debug_aranges
                0x0000000000000150       0x30 build/benos/src_trap_c.o
 .debug_aranges
                0x0000000000000180       0x30 build/benos/fd_c.o
 .debug_aranges
                0x00000000000001b0       0x30 build/benos/back_trace_c.o
 .debug_aranges
                0x00000000000001e0       0x30 build/benos/locks_c.o
 .debug_aranges
                0x0000000000000210       0x30 build/benos/uart_kern_test_c.o
 .debug_aranges
                0x0000000000000240       0x30 build/benos/plic_c.o
 .debug_aranges
                0x0000000000000270       0x30 build/benos/proc_c.o
 .debug_aranges
                0x00000000000002a0       0x30 build/benos/string_c.o
 .debug_aranges
                0x00000000000002d0       0x30 build/benos/fs_c.o
 .debug_aranges
                0x0000000000000300       0x30 build/benos/switch_s.o
 .debug_aranges
                0x0000000000000330       0x30 build/benos/kernel_boot_s.o
 .debug_aranges
                0x0000000000000360       0x30 build/benos/src_trap_entry_s.o
 .debug_aranges
                0x0000000000000390       0x30 build/benos/trampoline_s.o

.debug_line     0x0000000000000000     0x40ab
 .debug_line    0x0000000000000000      0x186 build/benos/exec_c.o
 .debug_line    0x0000000000000186      0x226 build/benos/printf_c.o
 .debug_line    0x00000000000003ac      0x2a1 build/benos/kernel_main_c.o
 .debug_line    0x000000000000064d      0x5e0 build/benos/vm_c.o
 .debug_line    0x0000000000000c2d      0x9e7 build/benos/virt_disk_c.o
 .debug_line    0x0000000000001614      0x1a5 build/benos/buddy_c.o
 .debug_line    0x00000000000017b9      0x2ef build/benos/pipe_c.o
 .debug_line    0x0000000000001aa8      0x93b build/benos/src_trap_c.o
 .debug_line    0x00000000000023e3      0x18c build/benos/fd_c.o
 .debug_line    0x000000000000256f       0xb7 build/benos/back_trace_c.o
 .debug_line    0x0000000000002626       0xad build/benos/locks_c.o
 .debug_line    0x00000000000026d3       0xf9 build/benos/uart_kern_test_c.o
 .debug_line    0x00000000000027cc      0x129 build/benos/plic_c.o
 .debug_line    0x00000000000028f5      0x7b7 build/benos/proc_c.o
 .debug_line    0x00000000000030ac      0x217 build/benos/string_c.o
 .debug_line    0x00000000000032c3      0x837 build/benos/fs_c.o
 .debug_line    0x0000000000003afa       0xe7 build/benos/switch_s.o
 .debug_line    0x0000000000003be1       0x74 build/benos/kernel_boot_s.o
 .debug_line    0x0000000000003c55      0x245 build/benos/src_trap_entry_s.o
 .debug_line    0x0000000000003e9a      0x211 build/benos/trampoline_s.o

.debug_str      0x0000000000000000      0xc6a
 .debug_str     0x0000000000000000      0x2ab build/benos/exec_c.o
                                        0x301 (size before relaxing)
 .debug_str     0x00000000000002ab       0x55 build/benos/printf_c.o
                                        0x110 (size before relaxing)
 .debug_str     0x0000000000000300       0xac build/benos/kernel_main_c.o
                                        0x362 (size before relaxing)
 .debug_str     0x00000000000003ac       0xe5 build/benos/vm_c.o
                                        0x1d1 (size before relaxing)
 .debug_str     0x0000000000000491       0xf8 build/benos/virt_disk_c.o
                                        0x20e (size before relaxing)
 .debug_str     0x0000000000000589       0xbb build/benos/buddy_c.o
                                        0x188 (size before relaxing)
 .debug_str     0x0000000000000644       0x24 build/benos/pipe_c.o
                                        0x25d (size before relaxing)
 .debug_str     0x0000000000000668      0x222 build/benos/src_trap_c.o
                                        0x48a (size before relaxing)
 .debug_str     0x000000000000088a       0x44 build/benos/fd_c.o
                                        0x259 (size before relaxing)
 .debug_str     0x00000000000008ce       0x50 build/benos/back_trace_c.o
                                         0xf1 (size before relaxing)
 .debug_str     0x000000000000091e       0x1c build/benos/locks_c.o
                                         0xc8 (size before relaxing)
 .debug_str     0x000000000000093a       0x3c build/benos/uart_kern_test_c.o
                                         0xd0 (size before relaxing)
 .debug_str     0x0000000000000976       0x3a build/benos/plic_c.o
                                         0xe0 (size before relaxing)
 .debug_str     0x00000000000009b0       0xfb build/benos/proc_c.o
                                        0x3a0 (size before relaxing)
 .debug_str     0x0000000000000aab       0x31 build/benos/string_c.o
                                         0xea (size before relaxing)
 .debug_str     0x0000000000000adc      0x13d build/benos/fs_c.o
                                        0x481 (size before relaxing)
 .debug_str     0x0000000000000c19       0x19 build/benos/switch_s.o
                                         0x39 (size before relaxing)
 .debug_str     0x0000000000000c32       0x12 build/benos/kernel_boot_s.o
                                         0x3e (size before relaxing)
 .debug_str     0x0000000000000c44       0x15 build/benos/src_trap_entry_s.o
                                         0x41 (size before relaxing)
 .debug_str     0x0000000000000c59       0x11 build/benos/trampoline_s.o
                                         0x3d (size before relaxing)

.comment        0x0000000000000000        0xe
 .comment       0x0000000000000000        0xe build/benos/exec_c.o
                                          0xf (size before relaxing)
 .comment       0x000000000000000e        0xf build/benos/printf_c.o
 .comment       0x000000000000000e        0xf build/benos/kernel_main_c.o
 .comment       0x000000000000000e        0xf build/benos/vm_c.o
 .comment       0x000000000000000e        0xf build/benos/virt_disk_c.o
 .comment       0x000000000000000e        0xf build/benos/buddy_c.o
 .comment       0x000000000000000e        0xf build/benos/pipe_c.o
 .comment       0x000000000000000e        0xf build/benos/src_trap_c.o
 .comment       0x000000000000000e        0xf build/benos/fd_c.o
 .comment       0x000000000000000e        0xf build/benos/back_trace_c.o
 .comment       0x000000000000000e        0xf build/benos/locks_c.o
 .comment       0x000000000000000e        0xf build/benos/uart_kern_test_c.o
 .comment       0x000000000000000e        0xf build/benos/plic_c.o
 .comment       0x000000000000000e        0xf build/benos/proc_c.o
 .comment       0x000000000000000e        0xf build/benos/string_c.o
 .comment       0x000000000000000e        0xf build/benos/fs_c.o

.riscv.attributes
                0x0000000000000000       0x30
 .riscv.attributes
                0x0000000000000000       0x30 build/benos/exec_c.o
 .riscv.attributes
                0x0000000000000030       0x30 build/benos/printf_c.o
 .riscv.attributes
                0x0000000000000060       0x30 build/benos/kernel_main_c.o
 .riscv.attributes
                0x0000000000000090       0x30 build/benos/vm_c.o
 .riscv.attributes
                0x00000000000000c0       0x30 build/benos/virt_disk_c.o
 .riscv.attributes
                0x00000000000000f0       0x30 build/benos/buddy_c.o
 .riscv.attributes
                0x0000000000000120       0x30 build/benos/pipe_c.o
 .riscv.attributes
                0x0000000000000150       0x30 build/benos/src_trap_c.o
 .riscv.attributes
                0x0000000000000180       0x30 build/benos/fd_c.o
 .riscv.attributes
                0x00000000000001b0       0x30 build/benos/back_trace_c.o
 .riscv.attributes
                0x00000000000001e0       0x30 build/benos/locks_c.o
 .riscv.attributes
                0x0000000000000210       0x30 build/benos/uart_kern_test_c.o
 .riscv.attributes
                0x0000000000000240       0x30 build/benos/plic_c.o
 .riscv.attributes
                0x0000000000000270       0x30 build/benos/proc_c.o
 .riscv.attributes
                0x00000000000002a0       0x30 build/benos/string_c.o
 .riscv.attributes
                0x00000000000002d0       0x30 build/benos/fs_c.o
 .riscv.attributes
                0x0000000000000300       0x2e build/benos/switch_s.o
 .riscv.attributes
                0x000000000000032e       0x2e build/benos/kernel_boot_s.o
 .riscv.attributes
                0x000000000000035c       0x2e build/benos/src_trap_entry_s.o
 .riscv.attributes
                0x000000000000038a       0x2e build/benos/trampoline_s.o

.debug_frame    0x0000000000000000     0x1400
 .debug_frame   0x0000000000000000       0x48 build/benos/exec_c.o
 .debug_frame   0x0000000000000048       0x98 build/benos/printf_c.o
 .debug_frame   0x00000000000000e0       0x98 build/benos/kernel_main_c.o
 .debug_frame   0x0000000000000178      0x1f0 build/benos/vm_c.o
 .debug_frame   0x0000000000000368      0x168 build/benos/virt_disk_c.o
 .debug_frame   0x00000000000004d0       0xd0 build/benos/buddy_c.o
 .debug_frame   0x00000000000005a0       0xa0 build/benos/pipe_c.o
 .debug_frame   0x0000000000000640      0x500 build/benos/src_trap_c.o
 .debug_frame   0x0000000000000b40       0xd0 build/benos/fd_c.o
 .debug_frame   0x0000000000000c10       0x40 build/benos/back_trace_c.o
 .debug_frame   0x0000000000000c50       0x70 build/benos/locks_c.o
 .debug_frame   0x0000000000000cc0       0xa0 build/benos/uart_kern_test_c.o
 .debug_frame   0x0000000000000d60       0xd0 build/benos/plic_c.o
 .debug_frame   0x0000000000000e30      0x2d8 build/benos/proc_c.o
 .debug_frame   0x0000000000001108       0xd0 build/benos/string_c.o
 .debug_frame   0x00000000000011d8      0x228 build/benos/fs_c.o

.debug_ranges   0x0000000000000000       0xf0
 .debug_ranges  0x0000000000000000       0x30 build/benos/virt_disk_c.o
 .debug_ranges  0x0000000000000030       0x60 build/benos/proc_c.o
 .debug_ranges  0x0000000000000090       0x60 build/benos/fs_c.o
