
Memory Configuration

Name             Origin             Length             Attributes
*default*        0x0000000000000000 0xffffffffffffffff

Linker script and memory map

                0x0000000080000000                . = 0x80000000

.text.boot      0x0000000080000000       0x28
 *(.text.boot)
 .text.boot     0x0000000080000000       0x28 build/sbi/sbi_boot_s.o
                0x0000000080000000                _start
                0x0000000080000028                _stext = .

.text           0x0000000080000028      0x8d0
 *(.text)
 .text          0x0000000080000028      0x2a8 build/sbi/sbi_main_c.o
                0x00000000800001e0                sbi_main
 .text          0x00000000800002d0      0x15c build/sbi/uart_c.o
                0x00000000800002d0                uart_init
                0x0000000080000380                uart_send_char
                0x00000000800003d4                uart_send_string
 .text          0x000000008000042c      0x2e8 build/sbi/sbi_trap_c.o
                0x00000000800004f4                sbi_trap_init
                0x0000000080000530                sbi_ecall_handler
                0x00000000800005fc                sbi_trap_handler
                0x00000000800006a4                timer_int_handler
 .text          0x0000000080000714       0xb0 build/sbi/timer_c.o
                0x0000000080000764                timer_init
 .text          0x00000000800007c4        0x0 build/sbi/sbi_boot_s.o
 *fill*         0x00000000800007c4        0x4 
 .text          0x00000000800007c8      0x130 build/sbi/sbi_trap_entry_s.o
                0x00000000800007c8                sbi_exception_vec
                0x00000000800008f8                _etext = .
                0x00000000800008f8                _srodata = .

.rodata         0x00000000800008f8       0x10
 *(.rodata)
 .rodata        0x00000000800008f8       0x10 build/sbi/sbi_main_c.o
                0x0000000080000908                _erodata = .
                0x0000000080000908                _sdata = .

.data           0x0000000080001000     0x4000
 *(.data)
 .data          0x0000000080001000        0x0 build/sbi/sbi_main_c.o
 .data          0x0000000080001000        0x0 build/sbi/uart_c.o
 .data          0x0000000080001000        0x0 build/sbi/sbi_trap_c.o
 .data          0x0000000080001000        0x0 build/sbi/timer_c.o
 .data          0x0000000080001000     0x4000 build/sbi/sbi_boot_s.o
                0x0000000080001000                stack0
                0x0000000080002000                stack1
                0x0000000080003000                stack2
                0x0000000080004000                stack3
 .data          0x0000000080005000        0x0 build/sbi/sbi_trap_entry_s.o
                0x0000000080005000                _edata = .

.sdata          0x0000000080005000        0x4
 .sdata         0x0000000080005000        0x4 build/sbi/uart_c.o
                0x0000000080005008                . = ALIGN (0x8)
                0x0000000080005008                _sbss = .

.bss            0x0000000080005008        0x0
 *(.bss)
 .bss           0x0000000080005008        0x0 build/sbi/sbi_main_c.o
 .bss           0x0000000080005008        0x0 build/sbi/uart_c.o
 .bss           0x0000000080005008        0x0 build/sbi/sbi_trap_c.o
 .bss           0x0000000080005008        0x0 build/sbi/timer_c.o
 .bss           0x0000000080005008        0x0 build/sbi/sbi_boot_s.o
 .bss           0x0000000080005008        0x0 build/sbi/sbi_trap_entry_s.o
                0x0000000080005008                _ebss = .
LOAD build/sbi/sbi_main_c.o
LOAD build/sbi/uart_c.o
LOAD build/sbi/sbi_trap_c.o
LOAD build/sbi/timer_c.o
LOAD build/sbi/sbi_boot_s.o
LOAD build/sbi/sbi_trap_entry_s.o
OUTPUT(build/sbi/mysbi.elf elf64-littleriscv)

.debug_info     0x0000000000000000      0x7d2
 .debug_info    0x0000000000000000      0x24b build/sbi/sbi_main_c.o
 .debug_info    0x000000000000024b       0xda build/sbi/uart_c.o
 .debug_info    0x0000000000000325      0x38f build/sbi/sbi_trap_c.o
 .debug_info    0x00000000000006b4       0xc2 build/sbi/timer_c.o
 .debug_info    0x0000000000000776       0x2e build/sbi/sbi_boot_s.o
 .debug_info    0x00000000000007a4       0x2e build/sbi/sbi_trap_entry_s.o

.debug_abbrev   0x0000000000000000      0x32b
 .debug_abbrev  0x0000000000000000       0xa7 build/sbi/sbi_main_c.o
 .debug_abbrev  0x00000000000000a7       0x9a build/sbi/uart_c.o
 .debug_abbrev  0x0000000000000141      0x119 build/sbi/sbi_trap_c.o
 .debug_abbrev  0x000000000000025a       0xa9 build/sbi/timer_c.o
 .debug_abbrev  0x0000000000000303       0x14 build/sbi/sbi_boot_s.o
 .debug_abbrev  0x0000000000000317       0x14 build/sbi/sbi_trap_entry_s.o

.debug_aranges  0x0000000000000000      0x120
 .debug_aranges
                0x0000000000000000       0x30 build/sbi/sbi_main_c.o
 .debug_aranges
                0x0000000000000030       0x30 build/sbi/uart_c.o
 .debug_aranges
                0x0000000000000060       0x30 build/sbi/sbi_trap_c.o
 .debug_aranges
                0x0000000000000090       0x30 build/sbi/timer_c.o
 .debug_aranges
                0x00000000000000c0       0x30 build/sbi/sbi_boot_s.o
 .debug_aranges
                0x00000000000000f0       0x30 build/sbi/sbi_trap_entry_s.o

.debug_line     0x0000000000000000      0x8a3
 .debug_line    0x0000000000000000      0x1f5 build/sbi/sbi_main_c.o
 .debug_line    0x00000000000001f5      0x15f build/sbi/uart_c.o
 .debug_line    0x0000000000000354      0x204 build/sbi/sbi_trap_c.o
 .debug_line    0x0000000000000558       0xd5 build/sbi/timer_c.o
 .debug_line    0x000000000000062d       0x71 build/sbi/sbi_boot_s.o
 .debug_line    0x000000000000069e      0x205 build/sbi/sbi_trap_entry_s.o

.debug_str      0x0000000000000000      0x23d
 .debug_str     0x0000000000000000      0x118 build/sbi/sbi_main_c.o
 .debug_str     0x0000000000000118       0x46 build/sbi/uart_c.o
                                         0xe7 (size before relaxing)
 .debug_str     0x000000000000015e       0x89 build/sbi/sbi_trap_c.o
                                        0x137 (size before relaxing)
 .debug_str     0x00000000000001e7       0x26 build/sbi/timer_c.o
                                         0xcd (size before relaxing)
 .debug_str     0x000000000000020d       0x1b build/sbi/sbi_boot_s.o
                                         0x3b (size before relaxing)
 .debug_str     0x0000000000000228       0x15 build/sbi/sbi_trap_entry_s.o
                                         0x41 (size before relaxing)

.comment        0x0000000000000000        0xe
 .comment       0x0000000000000000        0xe build/sbi/sbi_main_c.o
                                          0xf (size before relaxing)
 .comment       0x000000000000000e        0xf build/sbi/uart_c.o
 .comment       0x000000000000000e        0xf build/sbi/sbi_trap_c.o
 .comment       0x000000000000000e        0xf build/sbi/timer_c.o

.riscv.attributes
                0x0000000000000000       0x30
 .riscv.attributes
                0x0000000000000000       0x30 build/sbi/sbi_main_c.o
 .riscv.attributes
                0x0000000000000030       0x30 build/sbi/uart_c.o
 .riscv.attributes
                0x0000000000000060       0x30 build/sbi/sbi_trap_c.o
 .riscv.attributes
                0x0000000000000090       0x30 build/sbi/timer_c.o
 .riscv.attributes
                0x00000000000000c0       0x2e build/sbi/sbi_boot_s.o
 .riscv.attributes
                0x00000000000000ee       0x2e build/sbi/sbi_trap_entry_s.o

.debug_frame    0x0000000000000000      0x550
 .debug_frame   0x0000000000000000      0x250 build/sbi/sbi_main_c.o
 .debug_frame   0x0000000000000250       0xa0 build/sbi/uart_c.o
 .debug_frame   0x00000000000002f0      0x1c0 build/sbi/sbi_trap_c.o
 .debug_frame   0x00000000000004b0       0xa0 build/sbi/timer_c.o
