
Memory Configuration

Name             Origin             Length             Attributes
*default*        0x0000000000000000 0xffffffffffffffff

Linker script and memory map

                0x0000000000000000                . = 0x0

.text           0x0000000000000000      0x4d0
 *(.text .text.*)
 .text          0x0000000000000000      0x47c user/first_test.o
                0x0000000000000000                delay
                0x0000000000000070                main
 .text          0x000000000000047c       0x54 user/usys.o
                0x000000000000047c                fork
                0x0000000000000488                print
                0x0000000000000494                sleep
                0x00000000000004a0                pipe
                0x00000000000004ac                write
                0x00000000000004b8                read
                0x00000000000004c4                open
                0x00000000000004d0                . = ALIGN (0x10)

.rodata         0x00000000000004d0      0xb30
 *(.srodata .srodata.*)
                0x00000000000004d0                . = ALIGN (0x10)
 *(.rodata .rodata.*)
 .rodata        0x00000000000004d0       0x3f user/first_test.o
                0x0000000000001000                . = ALIGN (0x1000)
 *fill*         0x000000000000050f      0xaf1 
                0x0000000000001000                . = ALIGN (0x10)

.data           0x0000000000001000       0x35
 *(.sdata .sdata.*)
 .sdata         0x0000000000001000       0x1d user/first_test.o
                0x0000000000001000                test1
                0x0000000000001008                test2
                0x0000000000001010                test3
                0x0000000000001018                test4
                0x0000000000001020                . = ALIGN (0x10)
 *fill*         0x000000000000101d        0x3 
 *(.data .data.*)
 .data          0x0000000000001020       0x15 user/first_test.o
                0x0000000000001020                test_str
 .data          0x0000000000001035        0x0 user/usys.o
                0x0000000000001040                . = ALIGN (0x10)

.bss            0x0000000000001040        0x0
 *(.sbss .sbss.*)
                0x0000000000001040                . = ALIGN (0x10)
 *(.bss .bss.*)
 .bss           0x0000000000001040        0x0 user/first_test.o
 .bss           0x0000000000001040        0x0 user/usys.o
                [!provide]                        PROVIDE (end = .)
LOAD user/first_test.o
LOAD user/usys.o
OUTPUT(user/first_test.out elf64-littleriscv)

.debug_info     0x0000000000000000      0x307
 .debug_info    0x0000000000000000      0x2d9 user/first_test.o
 .debug_info    0x00000000000002d9       0x2e user/usys.o

.debug_abbrev   0x0000000000000000      0x10d
 .debug_abbrev  0x0000000000000000       0xf9 user/first_test.o
 .debug_abbrev  0x00000000000000f9       0x14 user/usys.o

.debug_aranges  0x0000000000000000       0x60
 .debug_aranges
                0x0000000000000000       0x30 user/first_test.o
 .debug_aranges
                0x0000000000000030       0x30 user/usys.o

.debug_line     0x0000000000000000      0x440
 .debug_line    0x0000000000000000      0x38a user/first_test.o
 .debug_line    0x000000000000038a       0xb6 user/usys.o

.debug_str      0x0000000000000000      0x138
 .debug_str     0x0000000000000000      0x120 user/first_test.o
 .debug_str     0x0000000000000120       0x18 user/usys.o
                                         0x38 (size before relaxing)

.comment        0x0000000000000000        0xe
 .comment       0x0000000000000000        0xe user/first_test.o
                                          0xf (size before relaxing)

.riscv.attributes
                0x0000000000000000       0x30
 .riscv.attributes
                0x0000000000000000       0x30 user/first_test.o
 .riscv.attributes
                0x0000000000000030       0x2e user/usys.o

.debug_frame    0x0000000000000000       0x68
 .debug_frame   0x0000000000000000       0x68 user/first_test.o
